// Jest Snapshot v1, https://goo.gl/fbAQLP

exports[`Tabs It matches the snapshot 1`] = `
<div>
  <div
    class="container"
  >
    <div
      class="tabsRow "
    >
      <div
        class="tabTitle activeTab title-1-default title-1-selected"
        id="one"
        role="button"
        tabindex="0"
      >
        Title 1
      </div>
      <div
        class="tabTitle  title-2-default "
        id="two"
        role="button"
        tabindex="0"
      >
        Title 2
      </div>
    </div>
    <div
      class="tabContent"
    >
      Content 1
    </div>
  </div>
</div>
`;
